src/app/(public)/login/page.tsx(24,3): error TS2305: Module '"@/components/ui/otp-input"' has no exported member 'InputOTP'.
src/app/(public)/login/page.tsx(25,3): error TS2305: Module '"@/components/ui/otp-input"' has no exported member 'InputOTPGroup'.
src/app/(public)/login/page.tsx(26,3): error TS2305: Module '"@/components/ui/otp-input"' has no exported member 'InputOTPSeparator'.
src/app/(public)/login/page.tsx(27,3): error TS2305: Module '"@/components/ui/otp-input"' has no exported member 'InputOTPSlot'.
src/components/ui/otp-input.tsx(62,6): error TS2322: Type '{ ref?: Ref<HTMLDivElement> | undefined; key?: Key | null | undefined; defaultChecked?: boolean | undefined; defaultValue?: string | number | readonly string[] | undefined; ... 280 more ...; transition: { ...; }; }' is not assignable to type 'Omit<HTMLMotionProps<"div">, "ref">'.
  Types of property 'onDrag' are incompatible.
    Type 'DragEventHandler<HTMLDivElement> | undefined' is not assignable to type '((event: MouseEvent | TouchEvent | PointerEvent, info: PanInfo) => void) | undefined'.
      Type 'DragEventHandler<HTMLDivElement>' is not assignable to type '(event: MouseEvent | TouchEvent | PointerEvent, info: PanInfo) => void'.
        Types of parameters 'event' and 'event' are incompatible.
          Type 'MouseEvent | TouchEvent | PointerEvent' is not assignable to type 'DragEvent<HTMLDivElement>'.
            Type 'MouseEvent' is missing the following properties from type 'DragEvent<HTMLDivElement>': dataTransfer, nativeEvent, isDefaultPrevented, isPropagationStopped, persist
src/components/ui/otp-input.tsx(98,6): error TS2322: Type '{ children: (false | Element)[]; ref?: Ref<HTMLDivElement> | undefined; key?: Key | null | undefined; defaultChecked?: boolean | undefined; defaultValue?: string | ... 2 more ... | undefined; ... 283 more ...; whileTap: { ...; }; }' is not assignable to type 'Omit<HTMLMotionProps<"div">, "ref">'.
  Types of property 'onDrag' are incompatible.
    Type 'DragEventHandler<HTMLDivElement> | undefined' is not assignable to type '((event: MouseEvent | TouchEvent | PointerEvent, info: PanInfo) => void) | undefined'.
      Type 'DragEventHandler<HTMLDivElement>' is not assignable to type '(event: MouseEvent | TouchEvent | PointerEvent, info: PanInfo) => void'.
        Types of parameters 'event' and 'event' are incompatible.
          Type 'MouseEvent | TouchEvent | PointerEvent' is not assignable to type 'DragEvent<HTMLDivElement>'.
            Type 'MouseEvent' is missing the following properties from type 'DragEvent<HTMLDivElement>': dataTransfer, nativeEvent, isDefaultPrevented, isPropagationStopped, persist
src/components/ui/otp-input.tsx(176,6): error TS2322: Type '{ children: Element; ref?: Ref<HTMLDivElement> | undefined; key?: Key | null | undefined; defaultChecked?: boolean | undefined; defaultValue?: string | ... 2 more ... | undefined; ... 279 more ...; transition: { ...; }; }' is not assignable to type 'Omit<HTMLMotionProps<"div">, "ref">'.
  Types of property 'onDrag' are incompatible.
    Type 'DragEventHandler<HTMLDivElement> | undefined' is not assignable to type '((event: MouseEvent | TouchEvent | PointerEvent, info: PanInfo) => void) | undefined'.
      Type 'DragEventHandler<HTMLDivElement>' is not assignable to type '(event: MouseEvent | TouchEvent | PointerEvent, info: PanInfo) => void'.
        Types of parameters 'event' and 'event' are incompatible.
          Type 'MouseEvent | TouchEvent | PointerEvent' is not assignable to type 'DragEvent<HTMLDivElement>'.
            Type 'MouseEvent' is missing the following properties from type 'DragEvent<HTMLDivElement>': dataTransfer, nativeEvent, isDefaultPrevented, isPropagationStopped, persist
